locator.hpp:117:5:ot::InstanceLocator::InstanceLocator(ot::Instance&)	16	static
link_quality.hpp:300:13:uint8_t ot::LinkQualityInfo::GetLinkQuality() const	16	static
timer.hpp:191:21:static uint32_t ot::TimerMilli::GetNow()	8	static
timer.hpp:207:21:static uint32_t ot::TimerMilli::MsecToSec(uint32_t)	16	static
random.hpp:64:16:uint8_t ot::Random::GetUint8()	8	static
random.hpp:99:16:uint8_t ot::Random::GetUint8InRange(uint8_t, uint8_t)	16	static
mle_tlvs.hpp:515:13:uint8_t ot::Mle::RouteTlv::GetRouterIdSequence() const	16	static
mle_tlvs.hpp:540:10:bool ot::Mle::RouteTlv::IsRouterIdSet(uint8_t) const	16	static
topology.hpp:79:11:ot::Neighbor::State ot::Neighbor::GetState() const	16	static
topology.hpp:87:10:void ot::Neighbor::SetState(ot::Neighbor::State)	16	static
topology.hpp:167:22:ot::Mac::ExtAddress& ot::Neighbor::GetExtAddress()	16	static
topology.hpp:207:14:uint32_t ot::Neighbor::GetLastHeard() const	16	static
topology.hpp:215:10:void ot::Neighbor::SetLastHeard(uint32_t)	16	static
topology.hpp:255:14:uint16_t ot::Neighbor::GetRloc16() const	16	static
topology.hpp:263:13:uint8_t ot::Neighbor::GetRouterId() const	16	static
topology.hpp:271:10:void ot::Neighbor::SetRloc16(uint16_t)	16	static
topology.hpp:315:22:ot::LinkQualityInfo& ot::Neighbor::GetLinkInfo()	16	static
topology.hpp:869:13:uint8_t ot::Router::GetNextHop() const	16	static
topology.hpp:877:10:void ot::Router::SetNextHop(uint8_t)	16	static
topology.hpp:885:13:uint8_t ot::Router::GetLinkQualityOut() const	16	static
topology.hpp:893:10:void ot::Router::SetLinkQualityOut(uint8_t)	16	static
topology.hpp:901:13:uint8_t ot::Router::GetCost() const	16	static
topology.hpp:909:10:void ot::Router::SetCost(uint8_t)	16	static
mac.hpp:558:23:const ot::Mac::ExtAddress& ot::Mac::Mac::GetExtAddress() const	16	static
mle.hpp:629:18:otDeviceRole ot::Mle::Mle::GetRole() const	16	static
mle.hpp:911:21:static uint16_t ot::Mle::Mle::GetChildId(uint16_t)	16	static
mle.hpp:921:20:static uint8_t ot::Mle::Mle::GetRouterId(uint16_t)	16	static
mle.hpp:971:21:static uint16_t ot::Mle::Mle::GetRloc16(uint8_t)	16	static
mle.hpp:982:17:static bool ot::Mle::Mle::IsActiveRouter(uint16_t)	16	static
thread_tlvs.hpp:457:13:uint8_t ot::ThreadRouterMaskTlv::GetIdSequence() const	16	static
thread_tlvs.hpp:482:10:bool ot::ThreadRouterMaskTlv::IsAssignedRouterIdSet(uint8_t) const	16	static
mle_router_ftd.hpp:660:18:ot::RouterTable& ot::Mle::MleRouter::GetRouterTable()	16	static
thread_netif.hpp:239:15:ot::Mac::Mac& ot::ThreadNetif::GetMac()	16	static
thread_netif.hpp:247:21:ot::Mle::MleRouter& ot::ThreadNetif::GetMle()	16	static
thread_netif.hpp:273:26:ot::NetworkData::Leader& ot::ThreadNetif::GetNetworkDataLeader()	16	static
thread_netif.hpp:314:22:ot::AddressResolver& ot::ThreadNetif::GetAddressResolver()	16	static
instance.hpp:319:18:ot::ThreadNetif& ot::Instance::GetThreadNetif()	16	static
instance.hpp:480:33:Type& ot::Instance::Get() [with Type = ot::RouterTable]	16	static
router_table.cpp:46:1:ot::RouterTable::Iterator::Iterator(ot::Instance&)	16	static
router_table.cpp:53:6:void ot::RouterTable::Iterator::Reset()	24	static
router_table.cpp:65:6:void ot::RouterTable::Iterator::Advance()	24	static
router_table.cpp:80:1:ot::RouterTable::RouterTable(ot::Instance&)	16	static
router_table.cpp:89:6:void ot::RouterTable::Clear()	16	static
router_table.cpp:96:6:void ot::RouterTable::ClearNeighbors()	24	static
router_table.cpp:104:6:bool ot::RouterTable::IsAllocated(uint8_t) const	16	static
router_table.cpp:109:6:void ot::RouterTable::UpdateAllocation()	120	static
router_table.cpp:193:9:ot::Router* ot::RouterTable::Allocate()	24	static
router_table.cpp:235:9:ot::Router* ot::RouterTable::Allocate(uint8_t)	32	static
router_table.cpp:258:9:otError ot::RouterTable::Release(uint8_t)	40	static
router_table.cpp:301:6:void ot::RouterTable::RemoveNeighbor(ot::Router&)	40	static
router_table.cpp:338:9:ot::Router* ot::RouterTable::GetNeighbor(uint16_t)	24	static
router_table.cpp:357:9:ot::Router* ot::RouterTable::GetNeighbor(const ot::Mac::ExtAddress&)	24	static
router_table.cpp:376:9:ot::Router* ot::RouterTable::GetRouter(uint8_t)	24	static
router_table.cpp:394:15:const ot::Router* ot::RouterTable::GetRouter(uint8_t) const	24	static
router_table.cpp:412:9:ot::Router* ot::RouterTable::GetRouter(const ot::Mac::ExtAddress&)	24	static
router_table.cpp:434:9:otError ot::RouterTable::GetRouterInfo(uint16_t, otRouterInfo&)	40	static
router_table.cpp:470:9:ot::Router* ot::RouterTable::GetLeader()	16	static
router_table.cpp:475:10:uint32_t ot::RouterTable::GetLeaderAge() const	16	static
router_table.cpp:481:9:uint8_t ot::RouterTable::GetNeighborCount() const	24	static
router_table.cpp:496:9:uint8_t ot::RouterTable::GetLinkCost(ot::Router&)	32	static
router_table.cpp:515:6:void ot::RouterTable::ProcessTlv(const ot::Mle::RouteTlv&)	32	static
router_table.cpp:554:6:void ot::RouterTable::ProcessTlv(const ot::ThreadRouterMaskTlv&)	32	static
router_table.cpp:587:6:void ot::RouterTable::ProcessTimerTick()	24	static
