timer.hpp:109:14:uint32_t ot::Timer::GetFireTime() const	16	static
timer.hpp:133:10:void ot::Timer::Fired()	16	static
timer.hpp:327:10:void ot::TimerMilliScheduler::Add(ot::TimerMilli&)	16	static
timer.hpp:335:10:void ot::TimerMilliScheduler::Remove(ot::TimerMilli&)	16	static
timer.hpp:341:10:void ot::TimerMilliScheduler::ProcessTimers()	16	static
instance.hpp:160:26:ot::TimerMilliScheduler& ot::Instance::GetTimerMilliScheduler()	16	static
timer.cpp:48:6:bool ot::Timer::DoesFireBefore(const ot::Timer&, uint32_t)	40	static
timer.cpp:72:6:void ot::TimerMilli::StartAt(uint32_t, uint32_t)	24	static
timer.cpp:79:6:void ot::TimerMilli::Stop()	16	static
timer.cpp:84:22:ot::TimerMilliScheduler& ot::TimerMilli::GetTimerMilliScheduler() const	16	static
timer.cpp:89:6:void ot::TimerScheduler::Add(ot::Timer&, const ot::TimerScheduler::AlarmApi&)	32	static
timer.cpp:134:6:void ot::TimerScheduler::Remove(ot::Timer&, const ot::TimerScheduler::AlarmApi&)	32	static
timer.cpp:161:6:void ot::TimerScheduler::SetAlarm(const ot::TimerScheduler::AlarmApi&)	32	static
timer.cpp:176:6:void ot::TimerScheduler::ProcessTimers(const ot::TimerScheduler::AlarmApi&)	24	static
timer.cpp:198:6:static bool ot::TimerScheduler::IsStrictlyBefore(uint32_t, uint32_t)	24	static
timer.cpp:210:17:void ot::otPlatAlarmMilliFired(otInstance*)	24	static
