radio.c:179:6:otPlatRadioGetIeeeEui64	32	static
radio.c:191:6:otPlatRadioSetPanId	0	static
radio.c:202:6:otPlatRadioSetExtendedAddress	16	static
radio.c:211:6:otPlatRadioSetShortAddress	0	static
radio.c:223:6:nrf5RadioInit	0	static
radio.c:229:6:nrf5RadioDeinit	0	static
radio.c:236:14:otPlatRadioGetState	8	static
radio.c:266:9:otPlatRadioEnable	8	static
radio.c:286:9:otPlatRadioDisable	8	static
radio.c:306:6:otPlatRadioIsEnabled	8	static
radio.c:314:9:otPlatRadioSleep	8	static
radio.c:333:9:otPlatRadioReceive	8	static
radio.c:348:9:otPlatRadioTransmit	16	static
radio.c:384:15:otPlatRadioGetTransmitBuffer	8	static
radio.c:392:8:otPlatRadioGetRssi	8	static
radio.c:400:13:otPlatRadioGetCaps	8	static
radio.c:408:6:otPlatRadioGetPromiscuous	8	static
radio.c:416:6:otPlatRadioSetPromiscuous	0	static
radio.c:424:6:otPlatRadioEnableSrcMatch	0	static
radio.c:432:9:otPlatRadioAddSrcMatchShortEntry	8	static
radio.c:455:9:otPlatRadioAddSrcMatchExtEntry	8	static
radio.c:474:9:otPlatRadioClearSrcMatchShortEntry	8	static
radio.c:497:9:otPlatRadioClearSrcMatchExtEntry	8	static
radio.c:517:6:otPlatRadioClearSrcMatchShortEntries	0	static
radio.c:525:6:otPlatRadioClearSrcMatchExtEntries	0	static
radio.c:533:9:otPlatRadioEnergyScan	8	static
radio.c:557:9:otPlatRadioGetTransmitPower	8	static
radio.c:575:9:otPlatRadioSetTransmitPower	8	static
radio.c:586:6:nrf5RadioProcess	24	static
radio.c:784:6:nrf_802154_transmitted_raw	8	static
radio.c:833:8:otPlatRadioGetReceiveSensitivity	8	static
