encoding.hpp:50:17:uint32_t ot::Encoding::Swap32(uint32_t)	16	static
encoding.hpp:104:17:uint32_t ot::Encoding::BigEndian::HostSwap32(uint32_t)	16	static
locator.hpp:117:5:ot::InstanceLocator::InstanceLocator(ot::Instance&)	16	static
locator.hpp:165:5:ot::OwnerLocator::OwnerLocator(void*)	16	static
message.hpp:259:14:uint16_t ot::Message::GetLength() const	16	static
message.hpp:284:14:uint16_t ot::Message::GetOffset() const	16	static
coap_header.hpp:395:13:uint8_t ot::Coap::Header::GetLength() const	16	static
timer.hpp:94:5:ot::Timer::Timer(ot::Instance&, ot::Timer::Handler, void*)	24	static
timer.hpp:109:14:uint32_t ot::Timer::GetFireTime() const	16	static
timer.hpp:155:5:ot::TimerMilli::TimerMilli(ot::Instance&, ot::Timer::Handler, void*)	24	static
timer.hpp:167:10:void ot::TimerMilli::Start(uint32_t)	16	static
timer.hpp:191:21:static uint32_t ot::TimerMilli::GetNow()	8	static
types.h:441:16:otMessageInfo::otMessageInfo()	16	static
socket.hpp:64:5:ot::Ip6::MessageInfo::MessageInfo()	16	static
socket.hpp:80:10:void ot::Ip6::MessageInfo::SetSockAddr(const ot::Ip6::Address&)	16	static
socket.hpp:104:14:ot::Ip6::Address& ot::Ip6::MessageInfo::GetPeerAddr()	16	static
socket.hpp:136:10:void ot::Ip6::MessageInfo::SetPeerPort(uint16_t)	16	static
coap.h:228:16:otCoapResource::otCoapResource()	16	static
coap.hpp:216:5:ot::Coap::Resource::Resource(const char*, otCoapRequestHandler, void*)	24	static
tlvs.hpp:65:13:uint8_t ot::Tlv::GetType() const	16	static
tlvs.hpp:81:13:uint8_t ot::Tlv::GetLength() const	16	static
tlvs.hpp:129:16:const ot::Tlv* ot::Tlv::GetNext() const	16	static
timestamp.hpp:63:10:void ot::MeshCoP::Timestamp::Init()	16	static
meshcop_tlvs.hpp:115:10:ot::MeshCoP::Tlv::Type ot::MeshCoP::Tlv::GetType() const	16	static
meshcop_tlvs.hpp:133:16:const ot::MeshCoP::Tlv* ot::MeshCoP::Tlv::GetNext() const	16	static
meshcop_tlvs.hpp:1262:14:uint32_t ot::MeshCoP::DelayTimerTlv::GetDelayTimer() const	16	static
dataset.hpp:102:14:uint8_t* ot::MeshCoP::Dataset::GetBytes()	16	static
dataset.hpp:124:14:uint16_t ot::MeshCoP::Dataset::GetSize() const	16	static
dataset.hpp:140:14:uint32_t ot::MeshCoP::Dataset::GetUpdateTime() const	16	static
dataset_local.hpp:66:15:ot::MeshCoP::Tlv::Type ot::MeshCoP::DatasetLocal::GetType() const	16	static
dataset_manager.hpp:103:13:otError ot::MeshCoP::DatasetManager::Get(ot::MeshCoP::Dataset&) const	16	static
dataset_manager.hpp:364:17:void ot::MeshCoP::ActiveDataset::HandleTimer()	16	static
dataset_manager.hpp:468:17:void ot::MeshCoP::PendingDataset::HandleTimer()	16	static
key_manager.hpp:315:13:uint8_t ot::KeyManager::GetSecurityPolicyFlags() const	16	static
mle.hpp:629:18:otDeviceRole ot::Mle::Mle::GetRole() const	16	static
thread_netif.hpp:207:17:ot::Coap::Coap& ot::ThreadNetif::GetCoap()	16	static
thread_netif.hpp:223:17:ot::KeyManager& ot::ThreadNetif::GetKeyManager()	16	static
thread_netif.hpp:247:21:ot::Mle::MleRouter& ot::ThreadNetif::GetMle()	16	static
thread_netif.hpp:273:26:ot::NetworkData::Leader& ot::ThreadNetif::GetNetworkDataLeader()	16	static
thread_netif.hpp:281:29:ot::MeshCoP::ActiveDataset& ot::ThreadNetif::GetActiveDataset()	16	static
thread_netif.hpp:289:30:ot::MeshCoP::PendingDataset& ot::ThreadNetif::GetPendingDataset()	16	static
instance.hpp:319:18:ot::ThreadNetif& ot::Instance::GetThreadNetif()	16	static
instance.hpp:557:44:Type& ot::Instance::Get() [with Type = ot::MeshCoP::ActiveDataset]	16	static
instance.hpp:562:45:Type& ot::Instance::Get() [with Type = ot::MeshCoP::PendingDataset]	16	static
meshcop.hpp:56:17:ot::Message* ot::MeshCoP::NewMeshCoPMessage(ot::Coap::CoapBase&, const ot::Coap::Header&)	16	static
dataset_manager.cpp:55:1:ot::MeshCoP::DatasetManager::DatasetManager(ot::Instance&, ot::MeshCoP::Tlv::Type, const char*, const char*, ot::Timer::Handler)	24	static
dataset_manager.cpp:70:18:const ot::MeshCoP::Timestamp* ot::MeshCoP::DatasetManager::GetTimestamp() const	16	static
dataset_manager.cpp:75:5:int ot::MeshCoP::DatasetManager::Compare(const ot::MeshCoP::Timestamp&) const	24	static
dataset_manager.cpp:88:9:otError ot::MeshCoP::DatasetManager::AppendMleDatasetTlv(ot::Message&) const	280	static
dataset_manager.cpp:97:9:otError ot::MeshCoP::DatasetManager::Restore()	288	static
dataset_manager.cpp:124:9:otError ot::MeshCoP::DatasetManager::ApplyConfiguration() const	288	static
dataset_manager.cpp:136:6:void ot::MeshCoP::DatasetManager::Clear()	16	static
dataset_manager.cpp:144:6:void ot::MeshCoP::DatasetManager::HandleDetach()	16	static
dataset_manager.cpp:149:9:otError ot::MeshCoP::DatasetManager::Set(const ot::MeshCoP::Dataset&)	32	static
dataset_manager.cpp:191:6:void ot::MeshCoP::DatasetManager::HandleTimer()	304	static
dataset_manager.cpp:221:9:otError ot::MeshCoP::DatasetManager::Register()	496	static
dataset_manager.cpp:257:6:void ot::MeshCoP::DatasetManager::Get(const ot::Coap::Header&, const ot::Message&, const ot::Ip6::MessageInfo&) const	304	static
dataset_manager.cpp:302:6:void ot::MeshCoP::DatasetManager::SendGetResponse(const ot::Coap::Header&, const ot::Ip6::MessageInfo&, uint8_t*, uint8_t) const	480	static
dataset_manager.cpp:373:1:ot::MeshCoP::ActiveDataset::ActiveDataset(ot::Instance&)	24	static
dataset_manager.cpp:387:6:void ot::MeshCoP::ActiveDataset::Clear()	16	static
dataset_manager.cpp:392:6:void ot::MeshCoP::ActiveDataset::Set(const ot::MeshCoP::Dataset&)	16	static
dataset_manager.cpp:397:9:otError ot::MeshCoP::ActiveDataset::Set(const ot::MeshCoP::Timestamp&, const ot::Message&, uint16_t, uint8_t)	304	static
dataset_manager.cpp:410:6:static void ot::MeshCoP::ActiveDataset::HandleGet(void*, otCoapHeader*, otMessage*, const otMessageInfo*)	24	static
dataset_manager.cpp:420:6:void ot::MeshCoP::ActiveDataset::HandleGet(ot::Coap::Header&, ot::Message&, const ot::Ip6::MessageInfo&) const	24	static
dataset_manager.cpp:425:6:static void ot::MeshCoP::ActiveDataset::HandleTimer(ot::Timer&)	16	static
dataset_manager.cpp:430:1:ot::MeshCoP::PendingDataset::PendingDataset(ot::Instance&)	24	static
dataset_manager.cpp:445:6:void ot::MeshCoP::PendingDataset::Clear()	16	static
dataset_manager.cpp:451:6:void ot::MeshCoP::PendingDataset::ClearNetwork()	280	static
dataset_manager.cpp:460:9:otError ot::MeshCoP::PendingDataset::Set(const ot::MeshCoP::Timestamp&, const ot::Message&, uint16_t, uint8_t)	304	static
dataset_manager.cpp:474:6:void ot::MeshCoP::PendingDataset::StartDelayTimer()	296	static
dataset_manager.cpp:498:6:static void ot::MeshCoP::PendingDataset::HandleDelayTimer(ot::Timer&)	16	static
dataset_manager.cpp:503:6:void ot::MeshCoP::PendingDataset::HandleDelayTimer()	304	static
dataset_manager.cpp:535:6:static void ot::MeshCoP::PendingDataset::HandleGet(void*, otCoapHeader*, otMessage*, const otMessageInfo*)	24	static
dataset_manager.cpp:545:6:void ot::MeshCoP::PendingDataset::HandleGet(ot::Coap::Header&, ot::Message&, const ot::Ip6::MessageInfo&) const	24	static
dataset_manager.cpp:550:6:static void ot::MeshCoP::PendingDataset::HandleTimer(ot::Timer&)	16	static
owner-locator.hpp:47:42:OwnerType& ot::OwnerLocator::GetOwner() [with OwnerType = ot::MeshCoP::ActiveDataset]	16	static
owner-locator.hpp:47:42:OwnerType& ot::OwnerLocator::GetOwner() [with OwnerType = ot::MeshCoP::PendingDataset]	16	static
