crc16.hpp:84:14:uint16_t ot::Crc16::Get() const	16	static
tlvs.hpp:65:13:uint8_t ot::Tlv::GetType() const	16	static
tlvs.hpp:81:13:uint8_t ot::Tlv::GetLength() const	16	static
tlvs.hpp:97:14:uint16_t ot::Tlv::GetSize() const	16	static
tlvs.hpp:113:20:const uint8_t* ot::Tlv::GetValue() const	16	static
meshcop_tlvs.hpp:115:10:ot::MeshCoP::Tlv::Type ot::MeshCoP::Tlv::GetType() const	16	static
meshcop_tlvs.hpp:206:10:bool ot::MeshCoP::ChannelTlv::IsValid() const	16	static
meshcop_tlvs.hpp:270:10:bool ot::MeshCoP::PanIdTlv::IsValid() const	16	static
meshcop_tlvs.hpp:317:10:bool ot::MeshCoP::ExtendedPanIdTlv::IsValid() const	16	static
meshcop_tlvs.hpp:364:10:bool ot::MeshCoP::NetworkNameTlv::IsValid() const	16	static
meshcop_tlvs.hpp:416:10:bool ot::MeshCoP::PSKcTlv::IsValid() const	16	static
meshcop_tlvs.hpp:463:10:bool ot::MeshCoP::NetworkMasterKeyTlv::IsValid() const	16	static
meshcop_tlvs.hpp:557:10:bool ot::MeshCoP::MeshLocalPrefixTlv::IsValid() const	16	static
meshcop_tlvs.hpp:651:13:uint8_t ot::MeshCoP::SteeringDataTlv::GetNumBits() const	16	static
meshcop_tlvs.hpp:678:10:void ot::MeshCoP::SteeringDataTlv::SetBit(uint8_t)	16	static
meshcop_tlvs.hpp:877:10:bool ot::MeshCoP::SecurityPolicyTlv::IsValid() const	16	static
meshcop_tlvs.hpp:1307:13:uint8_t ot::MeshCoP::ChannelMaskEntry::GetChannelPage() const	16	static
meshcop_tlvs.hpp:1323:13:uint8_t ot::MeshCoP::ChannelMaskEntry::GetMaskLength() const	16	static
meshcop_tlvs.hpp:1339:14:uint16_t ot::MeshCoP::ChannelMaskEntry::GetSize() const	16	static
meshcop_tlvs.hpp:1417:10:bool ot::MeshCoP::ChannelMask0Entry::IsValid() const	16	static
meshcop_tlvs.cpp:39:6:static bool ot::MeshCoP::Tlv::IsValid(const ot::MeshCoP::Tlv&)	24	static
meshcop_tlvs.cpp:84:6:bool ot::MeshCoP::SteeringDataTlv::IsCleared() const	32	static
meshcop_tlvs.cpp:100:6:void ot::MeshCoP::SteeringDataTlv::ComputeBloomFilter(const otExtAddress&)	40	static
meshcop_tlvs.cpp:116:25:const ot::MeshCoP::ChannelMaskEntry* ot::MeshCoP::ChannelMaskEntry::GetNext(const ot::MeshCoP::Tlv*) const	32	static
meshcop_tlvs.cpp:124:25:const ot::MeshCoP::ChannelMaskEntry* ot::MeshCoP::ChannelMaskTlv::GetFirstEntry() const	32	static
meshcop_tlvs.cpp:137:26:const ot::MeshCoP::ChannelMask0Entry* ot::MeshCoP::ChannelMaskTlv::GetMask0Entry() const	24	static
