bignum.c:418:12:mpi_get_digit	8	static
bignum.c:958:13:mpi_sub_hlp	20	static
bignum.c:1124:6:mpi_mul_hlp	48	static
bignum.c:87:6:mbedtls_mpi_init	0	static
bignum.c:100:6:mbedtls_mpi_free	8	static
bignum.c:119:5:mbedtls_mpi_grow	16	static
bignum.c:149:5:mbedtls_mpi_shrink	16	static
bignum.c:185:5:mbedtls_mpi_copy	24	static
bignum.c:225:6:mbedtls_mpi_swap	24	static
bignum.c:239:5:mbedtls_mpi_safe_cond_assign	24	static
bignum.c:267:5:mbedtls_mpi_safe_cond_swap	24	static
bignum.c:301:5:mbedtls_mpi_lset	16	static
bignum.c:319:5:mbedtls_mpi_get_bit	0	static
bignum.c:330:5:mbedtls_mpi_set_bit	24	static
bignum.c:358:8:mbedtls_mpi_lsb	16	static
bignum.c:391:8:mbedtls_mpi_bitlen	8	static
bignum.c:410:8:mbedtls_mpi_size	8	static
bignum.c:683:5:mbedtls_mpi_read_binary	24	static
bignum.c:710:5:mbedtls_mpi_write_binary	24	static
bignum.c:730:5:mbedtls_mpi_shift_l	24	static
bignum.c:780:5:mbedtls_mpi_shift_r	20	static
bignum.c:823:5:mbedtls_mpi_cmp_abs	16	static
bignum.c:1565:12:mpi_montmul	56	static
bignum.c:853:5:mbedtls_mpi_cmp_mpi	16	static
bignum.c:886:5:mbedtls_mpi_cmp_int	24	static
bignum.c:902:5:mbedtls_mpi_add_abs	24	static
bignum.c:979:5:mbedtls_mpi_sub_abs	40	static
bignum.c:1022:5:mbedtls_mpi_add_mpi	24	static
bignum.c:1053:5:mbedtls_mpi_sub_mpi	24	static
bignum.c:1084:5:mbedtls_mpi_add_int	24	static
bignum.c:1100:5:mbedtls_mpi_sub_int	24	static
bignum.c:1188:5:mbedtls_mpi_mul_mpi	56	static
bignum.c:1225:5:mbedtls_mpi_mul_int	24	static
bignum.c:435:5:mbedtls_mpi_read_string	48	static
bignum.c:1337:5:mbedtls_mpi_div_mpi	144	static
bignum.c:1452:5:mbedtls_mpi_div_int	24	static
bignum.c:1468:5:mbedtls_mpi_mod_mpi	16	static
bignum.c:1491:5:mbedtls_mpi_mod_int	20	static
bignum.c:507:12:mpi_write_hlp	32	static
bignum.c:534:5:mbedtls_mpi_write_string	48	static
bignum.c:1622:5:mbedtls_mpi_exp_mod	160	static
bignum.c:1830:5:mbedtls_mpi_gcd	64	static
bignum.c:1886:5:mbedtls_mpi_fill_random	48	static
bignum.c:1907:5:mbedtls_mpi_inv_mod	136	static
