cipher.c:70:12:mbedtls_cipher_list	12	static
cipher.c:91:30:mbedtls_cipher_info_from_type	0	static
cipher.c:102:30:mbedtls_cipher_info_from_string	16	static
cipher.c:116:30:mbedtls_cipher_info_from_values	12	static
cipher.c:131:6:mbedtls_cipher_init	0	static
cipher.c:136:6:mbedtls_cipher_free	8	static
cipher.c:155:5:mbedtls_cipher_setup	16	static
cipher.c:181:5:mbedtls_cipher_setkey	8	static
cipher.c:214:5:mbedtls_cipher_set_iv	16	static
cipher.c:243:5:mbedtls_cipher_reset	0	static
cipher.c:270:5:mbedtls_cipher_update	20	static
cipher.c:636:5:mbedtls_cipher_finish	0	static
cipher.c:822:5:mbedtls_cipher_crypt	40	static
cipher.c:851:5:mbedtls_cipher_auth_encrypt	28	static
cipher.c:883:5:mbedtls_cipher_auth_decrypt	40	static
