ecjpake.c:143:12:ecjpake_write_len_point	32	static
ecjpake.c:180:12:ecjpake_hash	296	static
ecjpake.c:302:12:ecjpake_zkp_write	128	static
ecjpake.c:530:12:ecjpake_ecp_add3	56	static
ecjpake.c:611:12:ecjpake_mul_secret	40	static
ecjpake.c:363:12:ecjpake_kkp_read	160	static
ecjpake.c:55:6:mbedtls_ecjpake_init	16	static
ecjpake.c:78:6:mbedtls_ecjpake_free	8	static
ecjpake.c:100:5:mbedtls_ecjpake_setup	16	static
ecjpake.c:128:5:mbedtls_ecjpake_check	0	static
ecjpake.c:503:5:mbedtls_ecjpake_read_round_one	64	static
ecjpake.c:516:5:mbedtls_ecjpake_write_round_one	96	static
ecjpake.c:553:5:mbedtls_ecjpake_read_round_two	216	static
ecjpake.c:642:5:mbedtls_ecjpake_write_round_two	176	static
ecjpake.c:719:5:mbedtls_ecjpake_derive_secret	152	static
