ecp.c:264:30:ecp_get_type	0	static
ecp.c:890:12:ecp_safe_invert_jac	32	static
ecp.c:670:12:ecp_modp	16	static
ecp.c:925:12:ecp_double_jac	88	static
ecp.c:750:12:ecp_normalize_jac	48	static
ecp.c:802:12:ecp_normalize_jac_many	72	static
ecp.c:1286:12:ecp_select_comb.constprop	40	static
ecp.c:176:31:mbedtls_ecp_curve_list	0	static
ecp.c:184:29:mbedtls_ecp_grp_id_list	0	static
ecp.c:210:31:mbedtls_ecp_curve_info_from_grp_id	0	static
ecp.c:228:31:mbedtls_ecp_curve_info_from_tls_id	0	static
ecp.c:246:31:mbedtls_ecp_curve_info_from_name	16	static
ecp.c:278:6:mbedtls_ecp_point_init	8	static
ecp.c:291:6:mbedtls_ecp_group_init	0	static
ecp.c:302:6:mbedtls_ecp_keypair_init	8	static
ecp.c:315:6:mbedtls_ecp_point_free	8	static
ecp.c:328:6:mbedtls_ecp_group_free	16	static
ecp.c:357:6:mbedtls_ecp_keypair_free	8	static
ecp.c:370:5:mbedtls_ecp_copy	16	static
ecp.c:385:5:mbedtls_ecp_group_copy	0	static
ecp.c:393:5:mbedtls_ecp_set_zero	8	static
ecp.c:1023:12:ecp_add_mixed	120	static
ecp.c:408:5:mbedtls_ecp_is_zero	8	static
ecp.c:416:5:mbedtls_ecp_point_cmp	16	static
ecp.c:432:5:mbedtls_ecp_point_read_string	16	static
ecp.c:448:5:mbedtls_ecp_point_write_binary	32	static
ecp.c:504:5:mbedtls_ecp_point_read_binary	24	static
ecp.c:543:5:mbedtls_ecp_tls_read_point	8	static
ecp.c:574:5:mbedtls_ecp_tls_write_point	24	static
ecp.c:602:5:mbedtls_ecp_tls_read_group	8	static
ecp.c:635:5:mbedtls_ecp_tls_write_group	16	static
ecp.c:1869:5:mbedtls_ecp_check_pubkey	48	static
ecp.c:1889:5:mbedtls_ecp_check_privkey	16	static
ecp.c:1677:5:mbedtls_ecp_mul	272	static
ecp.c:1777:12:mbedtls_ecp_mul_shortcuts	32	static
ecp.c:1807:5:mbedtls_ecp_muladd	64	static
ecp.c:1926:5:mbedtls_ecp_gen_keypair_base	48	static
ecp.c:2010:5:mbedtls_ecp_gen_keypair	16	static
ecp.c:2021:5:mbedtls_ecp_gen_key	24	static
ecp.c:2035:5:mbedtls_ecp_check_pub_priv	192	static
