ssl_tls.c:57:13:mbedtls_zeroize	0	static
ssl_tls.c:2579:13:ssl_flight_free	16	static
ssl_tls.c:5625:12:ssl_cookie_write_dummy	0	static
ssl_tls.c:5638:12:ssl_cookie_check_dummy	0	static
ssl_tls.c:77:13:ssl_set_timer	24	static
ssl_tls.c:2602:13:ssl_swap_epochs	40	static
ssl_tls.c:5102:13:ssl_calc_finished_tls_sha256	192	static
ssl_tls.c:1068:6:ssl_calc_verify_tls_sha256	144	static
ssl_tls.c:4940:13:ssl_update_checksum_sha256	0	static
ssl_tls.c:4910:13:ssl_update_checksum_start	0	static
ssl_internal.h:590:22:mbedtls_ssl_hdr_len.isra.0	0	static
ssl_tls.c:89:12:ssl_check_timer	16	static
ssl_tls.c:442:12:tls_prf_sha256	224	static
ssl_tls.c:495:5:mbedtls_ssl_derive_keys	400	static
ssl_tls.c:2468:5:mbedtls_ssl_flush_output	40	static
ssl_tls.c:2713:6:mbedtls_ssl_recv_flight_completed	8	static
ssl_tls.c:2738:6:mbedtls_ssl_send_flight_completed	16	static
ssl_tls.c:3234:6:mbedtls_ssl_update_handshake_status	8	static
ssl_tls.c:3283:5:mbedtls_ssl_dtls_replay_check	32	static
ssl_tls.c:3308:6:mbedtls_ssl_dtls_replay_update	32	static
ssl_tls.c:4211:5:mbedtls_ssl_write_certificate	24	static
ssl_tls.c:4231:5:mbedtls_ssl_parse_certificate	24	static
ssl_tls.c:4864:6:mbedtls_ssl_optimize_checksum	16	static
ssl_tls.c:4893:6:mbedtls_ssl_reset_checksum	0	static
ssl_tls.c:5549:6:mbedtls_ssl_session_init	0	static
ssl_tls.c:5655:6:mbedtls_ssl_init	0	static
ssl_tls.c:5839:6:mbedtls_ssl_conf_endpoint	0	static
ssl_tls.c:5844:6:mbedtls_ssl_conf_transport	0	static
ssl_tls.c:5850:6:mbedtls_ssl_conf_dtls_anti_replay	0	static
ssl_tls.c:5864:6:mbedtls_ssl_conf_handshake_timeout	0	static
ssl_tls.c:5871:6:mbedtls_ssl_conf_authmode	0	static
ssl_tls.c:5886:6:mbedtls_ssl_conf_rng	0	static
ssl_tls.c:5894:6:mbedtls_ssl_conf_dbg	0	static
ssl_tls.c:5902:6:mbedtls_ssl_set_bio	0	static
ssl_tls.c:5914:6:mbedtls_ssl_conf_read_timeout	0	static
ssl_tls.c:5919:6:mbedtls_ssl_set_timer_cb	4	static
ssl_tls.c:5933:6:mbedtls_ssl_conf_session_cache	0	static
ssl_tls.c:5966:6:mbedtls_ssl_conf_ciphersuites	0	static
ssl_tls.c:5975:6:mbedtls_ssl_conf_ciphersuites_for_version	0	static
ssl_tls.c:6070:5:mbedtls_ssl_set_hs_ecjpake_password	16	static
ssl_tls.c:6257:6:mbedtls_ssl_conf_curves	0	static
ssl_tls.c:6353:6:mbedtls_ssl_conf_max_version	0	static
ssl_tls.c:6359:6:mbedtls_ssl_conf_min_version	0	static
ssl_tls.c:6373:6:mbedtls_ssl_conf_cert_req_ca_list	0	static
ssl_tls.c:6402:5:mbedtls_ssl_conf_max_frag_len	0	static
ssl_tls.c:6430:6:mbedtls_ssl_conf_legacy_renegotiation	0	static
ssl_tls.c:6475:6:mbedtls_ssl_conf_export_keys_cb	0	static
ssl_tls.c:6487:8:mbedtls_ssl_get_bytes_avail	0	static
ssl_tls.c:6492:5:mbedtls_ssl_check_pending	24	static
ssl_tls.c:6547:10:mbedtls_ssl_get_verify_result	0	static
ssl_tls.c:6558:13:mbedtls_ssl_get_ciphersuite	0	static
ssl_tls.c:6566:13:mbedtls_ssl_get_version	0	static
ssl_tls.c:6604:5:mbedtls_ssl_get_record_expansion	16	static
ssl_tls.c:6639:8:mbedtls_ssl_get_max_frag_len	0	static
ssl_tls.c:6689:5:mbedtls_ssl_handshake_step	8	static
ssl_tls.c:6711:5:mbedtls_ssl_handshake	24	static
ssl_tls.c:7382:6:mbedtls_ssl_transform_free	8	static
ssl_tls.c:7415:6:mbedtls_ssl_handshake_free	16	static
ssl_tls.c:5200:13:ssl_handshake_wrapup_free_hs_transform	24	static
ssl_tls.c:7491:6:mbedtls_ssl_session_free	0	static
ssl_tls.c:5225:6:mbedtls_ssl_handshake_wrapup	24	static
ssl_tls.c:5554:12:ssl_handshake_init	24	static
ssl_tls.c:5663:5:mbedtls_ssl_setup	24	static
ssl_tls.c:5945:5:mbedtls_ssl_set_session	24	static
ssl_tls.c:5831:5:mbedtls_ssl_session_reset	16	static
ssl_tls.c:6672:5:mbedtls_ssl_get_session	16	static
ssl_tls.c:7514:6:mbedtls_ssl_free	24	static
ssl_tls.c:7593:6:mbedtls_ssl_config_init	0	static
ssl_tls.c:7640:5:mbedtls_ssl_config_defaults	8	static
ssl_tls.c:7804:6:mbedtls_ssl_config_free	0	static
ssl_tls.c:7939:19:mbedtls_ssl_md_alg_from_hash	0	static
ssl_tls.c:7971:15:mbedtls_ssl_hash_from_md_alg	0	static
ssl_tls.c:8005:5:mbedtls_ssl_check_curve	0	static
ssl_tls.c:8141:6:mbedtls_ssl_write_version	0	static
ssl_tls.c:2761:5:mbedtls_ssl_write_record	88	static
ssl_tls.c:2654:5:mbedtls_ssl_resend	40	static
ssl_tls.c:2249:5:mbedtls_ssl_fetch_input	56	static
ssl_tls.c:3147:5:mbedtls_ssl_prepare_handshake_record	48	static
ssl_tls.c:4084:5:mbedtls_ssl_handle_message_type	24	static
ssl_tls.c:4173:5:mbedtls_ssl_send_alert_message	40	static
ssl_tls.c:4159:5:mbedtls_ssl_send_fatal_handshake_failure	0	static
ssl_tls.c:7354:5:mbedtls_ssl_close_notify	24	static
ssl_tls.c:4754:5:mbedtls_ssl_write_change_cipher_spec	24	static
ssl_tls.c:5287:5:mbedtls_ssl_write_finished	24	static
ssl_tls.c:7314:5:mbedtls_ssl_write	40	static
ssl_tls.c:8163:6:mbedtls_ssl_read_version	8	static
ssl_tls.c:3853:5:mbedtls_ssl_read_record_layer	96	static
ssl_tls.c:3807:5:mbedtls_ssl_read_record	24	static
ssl_tls.c:4777:5:mbedtls_ssl_parse_change_cipher_spec	24	static
ssl_tls.c:5411:5:mbedtls_ssl_parse_finished	48	static
ssl_tls.c:6896:5:mbedtls_ssl_read	40	static
ssl_tls.c:8185:5:mbedtls_ssl_set_calc_verify_md	0	static
ssl_tls.c:8315:5:mbedtls_ssl_get_key_exchange_md_tls1_2	48	static
